// Jest Snapshot v1, https://goo.gl/fbAQLP

exports[`should display App view on the screen 1`] = `
<div>
  <div
    class="app-container"
  >
    <header>
      <h1>
        Guestbook
      </h1>
      <h3>
        Welcome, Guest
      </h3>
    </header>
    <div>
      <section
        class="main-section"
      >
        <div
          class="inputContainer"
        >
          <form>
            <label>
              <input
                placeholder="name"
                type="text"
              />
            </label>
            <input
              placeholder="message"
              type="textarea"
              value=""
            />
            <button
              type="submit"
            >
              Submit
            </button>
          </form>
        </div>
        <div
          class="commentContainer"
        />
      </section>
    </div>
    <div />
  </div>
</div>
`;
